###############################################################################
#
# IAR ELF Linker V2.20.1.176 for STM8                     03/Jul/2021  23:01:56
# Copyright 2010-2015 IAR Systems AB.
#
#    Output file  =  E:\STM8S\I2C_Master\Project\Debug\Exe\I2C.out
#    Map file     =  E:\STM8S\I2C_Master\Project\Debug\List\I2C.map
#    Command line =  
#        E:\STM8S\I2C_Master\Project\Debug\Obj\main.o
#        E:\STM8S\I2C_Master\Project\Debug\Obj\stm8s_clk.o
#        E:\STM8S\I2C_Master\Project\Debug\Obj\stm8s_gpio.o
#        E:\STM8S\I2C_Master\Project\Debug\Obj\stm8s_i2c.o
#        E:\STM8S\I2C_Master\Project\Debug\Obj\stm8s_it.o
#        E:\STM8S\I2C_Master\Project\Debug\Obj\stm8s_tim4.o --redirect
#        _Printf=_PrintfSmall --redirect _Scanf=_ScanfSmall -o
#        E:\STM8S\I2C_Master\Project\Debug\Exe\I2C.out --map
#        E:\STM8S\I2C_Master\Project\Debug\List\I2C.map --config "C:\Program
#        Files (x86)\IAR Systems\Embedded Workbench
#        7.3\stm8\config\lnkstm8s103f3.icf" --config_def _CSTACK_SIZE=0x100
#        --config_def _HEAP_SIZE=0x100 --entry __iar_program_start --debug_lib
#
###############################################################################

*******************************************************************************
*** RUNTIME MODEL ATTRIBUTES
***

__SystemLibrary            = DLib
__code_model               = small
__core                     = stm8
__data_model               = medium
__dlib_file_descriptor     = 0
__dlib_full_locale_support = 0
__rt_version               = 4


*******************************************************************************
*** PLACEMENT SUMMARY
***

"A1":  place at start of [0x000000-0x0000ff] { rw section .vregs };
"A2":  place at end of [0x000000-0x0003ff] { block CSTACK };
"P2":  place in [from 0x000000 to 0x0003ff] {
          block HEAP, rw section __DLIB_PERTHREAD, rw section .far.bss,
          rw section .far.data, rw section .far.noinit,
          rw section .far_func.textrw, rw section .huge.bss,
          rw section .huge.data, rw section .huge.noinit,
          rw section .huge_func.textrw, rw section .iar.dynexit,
          rw section .near.bss, rw section .near.data, rw section .near.noinit,
          rw section .near_func.textrw };
"A3":  place at start of [0x008000-0x009fff] { block INTVEC };
"P3":  place in [from 0x008000 to 0x009fff] {
          ro section __DLIB_PERTHREAD_init, ro section .far.data_init,
          ro section .far_func.textrw_init, ro section .huge.data_init,
          ro section .huge_func.textrw_init, ro section .iar.init_table,
          ro section .init_array, ro section .near.data_init,
          ro section .near.rodata, ro section .near_func.text,
          ro section .near_func.textrw_init, ro section .tiny.data_init,
          ro section .tiny.rodata_init };

  Section            Kind      Address   Size  Object
  -------            ----      -------   ----  ------
"A1":                                    0x10
  .vregs             uninit   0x000000   0x10  vregs.o [4]
                            - 0x000010   0x10

"P2":                                    0x10
  P2-1                        0x000010   0x10  <Init block>
    .near.data       inited   0x000010    0x2  main.o [1]
    .near.bss        inited   0x000012    0x6  main.o [1]
    .near.bss        inited   0x000018    0x4  stm8s_it.o [1]
    .near.bss        inited   0x00001c    0x4  stm8s_it.o [1]
                            - 0x000020   0x10

"A2":                                   0x100
  CSTACK                      0x000300  0x100  <Block>
    CSTACK           uninit   0x000300  0x100  <Block tail>
                            - 0x000400  0x100

"A3":                                    0x80
  INTVEC                      0x008000   0x80  <Block>
    .intvec          const    0x008000   0x80  interrupt.o [4]
                            - 0x008080   0x80

"P3":                                   0xfae
  .near_func.text    ro code  0x008080  0x1d6  stm8s_i2c.o [1]
  .near_func.text    ro code  0x008256  0x15a  long.o [4]
  .near_func.text    ro code  0x0083b0  0x12c  main.o [1]
  .near_func.text    ro code  0x0084dc  0x114  stm8s_gpio.o [1]
  .near_func.text    ro code  0x0085f0   0xfc  main.o [1]
  .near_func.text    ro code  0x0086ec   0xe5  vreg_util.o [4]
  .near_func.text    ro code  0x0087d1   0xde  stm8s_clk.o [1]
  .near_func.text    ro code  0x0088af   0xd6  stm8s_i2c.o [1]
  .near_func.text    ro code  0x008985   0xc3  stm8s_i2c.o [1]
  .near_func.text    ro code  0x008a48   0x9d  main.o [1]
  .near_func.text    ro code  0x008ae5   0x51  stm8s_tim4.o [1]
  .near_func.text    ro code  0x008b36   0x50  stm8s_tim4.o [1]
  .near_func.text    ro code  0x008b86   0x47  short.o [4]
  .near_func.text    ro code  0x008bcd   0x46  stm8s_i2c.o [1]
  .near_func.text    ro code  0x008c13   0x45  stm8s_i2c.o [1]
  .near_func.text    ro code  0x008c58   0x43  stm8s_tim4.o [1]
  .near_func.text    ro code  0x008c9b   0x3d  stm8s_clk.o [1]
  .near_func.text    ro code  0x008cd8   0x38  long_util.o [4]
  .near.rodata       const    0x008d10   0x2f  stm8s_gpio.o [1]
  .near.rodata       const    0x008d3f   0x2f  stm8s_tim4.o [1]
  .near_func.text    ro code  0x008d6e   0x2f  stm8s_i2c.o [1]
  .near_func.text    ro code  0x008d9d   0x2f  stm8s_i2c.o [1]
  .near_func.text    ro code  0x008dcc   0x2f  stm8s_i2c.o [1]
  .near_func.text    ro code  0x008dfb   0x2f  stm8s_tim4.o [1]
  .near.rodata       const    0x008e2a   0x2e  stm8s_clk.o [1]
  .near.rodata       const    0x008e58   0x2e  stm8s_i2c.o [1]
  .near_func.text    ro code  0x008e86   0x28  init_small.o [4]
  .near_func.text    ro code  0x008eae   0x27  stm8s_it.o [1]
  .near_func.text    ro code  0x008ed5   0x25  stm8s_i2c.o [1]
  .near_func.text    ro code  0x008efa   0x24  stm8s_it.o [1]
  .near_func.text    ro code  0x008f1e   0x24  stm8s_it.o [1]
  .near_func.text    ro code  0x008f42   0x24  stm8s_tim4.o [1]
  .near_func.text    ro code  0x008f66   0x24  stm8s_tim4.o [1]
  .iar.init_table    const    0x008f8a    0xa  - Linker created -
  .near_func.text    ro code  0x008f94   0x17  init.o [4]
  .near_func.text    ro code  0x008fab   0x14  __dbg_xxexit.o [3]
  .near_func.text    ro code  0x008fbf   0x13  cstartup.o [4]
  .near_func.text    ro code  0x008fd2   0x12  stm8s_it.o [1]
  Initializer bytes  const    0x008fe4   0x10  <for P2-1>
  .near_func.text    ro code  0x008ff4    0xb  dc_util.o [4]
  .near_func.text    ro code  0x008fff    0x5  cexit.o [4]
  .near_func.text    ro code  0x009004    0x4  stm8s_i2c.o [1]
  .near_func.text    ro code  0x009008    0x4  stm8s_i2c.o [1]
  .near_func.text    ro code  0x00900c    0x3  interrupt.o [4]
  .near_func.text    ro code  0x00900f    0x3  low_level_init.o [4]
  .near_func.text    ro code  0x009012    0x3  exit.o [4]
  .near_func.text    ro code  0x009015    0x3  unhandled_exception.o [4]
  .near_func.text    ro code  0x009018    0x2  main.o [1]
  .near_func.text    ro code  0x00901a    0x1  stm8s_it.o [1]
  .near_func.text    ro code  0x00901b    0x1  stm8s_it.o [1]
  .near_func.text    ro code  0x00901c    0x1  stm8s_it.o [1]
  .near_func.text    ro code  0x00901d    0x1  stm8s_it.o [1]
  .near_func.text    ro code  0x00901e    0x1  stm8s_it.o [1]
  .near_func.text    ro code  0x00901f    0x1  stm8s_it.o [1]
  .near_func.text    ro code  0x009020    0x1  stm8s_it.o [1]
  .near_func.text    ro code  0x009021    0x1  stm8s_it.o [1]
  .near_func.text    ro code  0x009022    0x1  stm8s_it.o [1]
  .near_func.text    ro code  0x009023    0x1  stm8s_it.o [1]
  .near_func.text    ro code  0x009024    0x1  stm8s_it.o [1]
  .near_func.text    ro code  0x009025    0x1  stm8s_it.o [1]
  .near_func.text    ro code  0x009026    0x1  stm8s_it.o [1]
  .near_func.text    ro code  0x009027    0x1  stm8s_it.o [1]
  .near_func.text    ro code  0x009028    0x1  stm8s_it.o [1]
  .near_func.text    ro code  0x009029    0x1  stm8s_it.o [1]
  .near_func.text    ro code  0x00902a    0x1  stm8s_it.o [1]
  .near_func.text    ro code  0x00902b    0x1  stm8s_it.o [1]
  .near_func.text    ro code  0x00902c    0x1  stm8s_it.o [1]
  .near_func.text    ro code  0x00902d    0x1  __dbg_break.o [3]
                            - 0x00902e  0xfae


*******************************************************************************
*** INIT TABLE
***

          Address   Size
          -------   ----
Copy (__iar_copy_init2)
    1 source range, total size 0x10:
          0x008fe4  0x10
    1 destination range, total size 0x10:
          0x000010  0x10



*******************************************************************************
*** MODULE SUMMARY
***

    Module                 ro code  ro data  rw data
    ------                 -------  -------  -------
E:\STM8S\I2C_Master\Project\Debug\Obj: [1]
    main.o                     711        8        8
    stm8s_clk.o                283       46
    stm8s_gpio.o               276       47
    stm8s_i2c.o              1 204       46
    stm8s_it.o                 148        8        8
    stm8s_tim4.o               347       47
    ------------------------------------------------
    Total:                   2 969      202       16

command line: [2]
    ------------------------------------------------
    Total:

dbgstm8smd.a: [3]
    __dbg_break.o                1
    __dbg_xxexit.o              20
    ------------------------------------------------
    Total:                      21

dlstm8smn.a: [4]
    cexit.o                      5
    cstartup.o                  19
    dc_util.o                   11
    exit.o                       3
    init.o                      23
    init_small.o                40
    interrupt.o                  3      128
    long.o                     346
    long_util.o                 56
    low_level_init.o             3
    short.o                     71
    unhandled_exception.o        3
    vreg_util.o                229
    vregs.o                                       16
    ------------------------------------------------
    Total:                     812      128       16

    Linker created                       10      256
----------------------------------------------------
    Grand Total:             3 802      340      288


*******************************************************************************
*** ENTRY LIST
***

Entry                    Address   Size  Type      Object
-----                    -------   ----  ----      ------
.iar.init_table$$Base   0x008f8a          --   Gb  - Linker created -
.iar.init_table$$Limit  0x008f94          --   Gb  - Linker created -
?b0                     0x000000         Data  Gb  vregs.o [4]
?b1                     0x000001         Data  Gb  vregs.o [4]
?b10                    0x00000a         Data  Gb  vregs.o [4]
?b11                    0x00000b         Data  Gb  vregs.o [4]
?b12                    0x00000c         Data  Gb  vregs.o [4]
?b13                    0x00000d         Data  Gb  vregs.o [4]
?b14                    0x00000e         Data  Gb  vregs.o [4]
?b15                    0x00000f         Data  Gb  vregs.o [4]
?b2                     0x000002         Data  Gb  vregs.o [4]
?b3                     0x000003         Data  Gb  vregs.o [4]
?b4                     0x000004         Data  Gb  vregs.o [4]
?b5                     0x000005         Data  Gb  vregs.o [4]
?b6                     0x000006         Data  Gb  vregs.o [4]
?b7                     0x000007         Data  Gb  vregs.o [4]
?b8                     0x000008         Data  Gb  vregs.o [4]
?b9                     0x000009         Data  Gb  vregs.o [4]
?dc32_px                0x008ff4         Code  Gb  dc_util.o [4]
?dec32_0x_0x            0x00826e         Code  Gb  long.o [4]
?dec32_l0_l0            0x008269         Code  Gb  long.o [4]
?e0                     0x000001         Data  Gb  vregs.o [4]
?e1                     0x000005         Data  Gb  vregs.o [4]
?e2                     0x000009         Data  Gb  vregs.o [4]
?e3                     0x00000d         Data  Gb  vregs.o [4]
?epilogue_l2            0x00877b         Code  Gb  vreg_util.o [4]
?epilogue_l2_l3         0x008778         Code  Gb  vreg_util.o [4]
?epilogue_w4            0x00877f         Code  Gb  vreg_util.o [4]
?inc32_0x_0x            0x00825b         Code  Gb  long.o [4]
?inc32_l1_l1            0x008256         Code  Gb  long.o [4]
?l0                     0x000000         Data  Gb  vregs.o [4]
?l1                     0x000004         Data  Gb  vregs.o [4]
?l2                     0x000008         Data  Gb  vregs.o [4]
?l3                     0x00000c         Data  Gb  vregs.o [4]
?load32_0x_l0           0x008cf4         Code  Gb  long_util.o [4]
?load32_0x_l1           0x008d02         Code  Gb  long_util.o [4]
?load32_l0_0x           0x008ce8         Code  Gb  long_util.o [4]
?load32_l0_asp          0x008cdd         Code  Gb  long_util.o [4]
?load32_l0_dbsp         0x008cd8         Code  Gb  long_util.o [4]
?load32_l0_xsp          0x008cdf         Code  Gb  long_util.o [4]
?mov_e0_e2              0x008786         Code  Gb  vreg_util.o [4]
?mov_e1_e0              0x008793         Code  Gb  vreg_util.o [4]
?mov_e1_e2              0x0087a0         Code  Gb  vreg_util.o [4]
?mov_e1_e3              0x0087ad         Code  Gb  vreg_util.o [4]
?mov_e2_e0              0x0087ba         Code  Gb  vreg_util.o [4]
?mov_e3_e0              0x0087c7         Code  Gb  vreg_util.o [4]
?mov_l0_l2              0x008783         Code  Gb  vreg_util.o [4]
?mov_l1_l0              0x008790         Code  Gb  vreg_util.o [4]
?mov_l1_l2              0x00879d         Code  Gb  vreg_util.o [4]
?mov_l1_l3              0x0087aa         Code  Gb  vreg_util.o [4]
?mov_l2_l0              0x0087b7         Code  Gb  vreg_util.o [4]
?mov_l3_l0              0x0087c4         Code  Gb  vreg_util.o [4]
?mov_w1_w5              0x008789         Code  Gb  vreg_util.o [4]
?mov_w3_w1              0x008796         Code  Gb  vreg_util.o [4]
?mov_w3_w5              0x0087a3         Code  Gb  vreg_util.o [4]
?mov_w3_w7              0x0087b0         Code  Gb  vreg_util.o [4]
?mov_w5_w1              0x0087bd         Code  Gb  vreg_util.o [4]
?mov_w7_w1              0x0087ca         Code  Gb  vreg_util.o [4]
?mul16_x_x_w0           0x008b86         Code  Gb  short.o [4]
?mul32_l0_l0_0x         0x0082a0         Code  Gb  long.o [4]
?mul32_l0_l0_dl         0x00829d         Code  Gb  long.o [4]
?mul32_l0_l0_l1         0x0082a9         Code  Gb  long.o [4]
?pop_l0                 0x008744         Code  Gb  vreg_util.o [4]
?pop_l1                 0x00874f         Code  Gb  vreg_util.o [4]
?pop_l2                 0x00875a         Code  Gb  vreg_util.o [4]
?pop_l3                 0x008765         Code  Gb  vreg_util.o [4]
?pop_w4                 0x008704         Code  Gb  vreg_util.o [4]
?push_l0                0x008713         Code  Gb  vreg_util.o [4]
?push_l1                0x008718         Code  Gb  vreg_util.o [4]
?push_l2                0x00871d         Code  Gb  vreg_util.o [4]
?push_l3                0x008722         Code  Gb  vreg_util.o [4]
?push_w4                0x0086ec         Code  Gb  vreg_util.o [4]
?sdiv16_x_x_y           0x008ba4         Code  Gb  short.o [4]
?sll16_x_x_a            0x008bbd         Code  Gb  short.o [4]
?sll32_0x_0x_a          0x0083a2         Code  Gb  long.o [4]
?sll32_l0_l0_a          0x00839f         Code  Gb  long.o [4]
?srl16_x_x_4            0x008bc8         Code  Gb  short.o [4]
?srl16_x_x_5            0x008bc7         Code  Gb  short.o [4]
?srl16_x_x_6            0x008bc6         Code  Gb  short.o [4]
?srl16_x_x_7            0x008bc5         Code  Gb  short.o [4]
?sub32_l0_l0_0x         0x008285         Code  Gb  long.o [4]
?sub32_l0_l0_l1         0x008282         Code  Gb  long.o [4]
?ucmp32_c_l0_l1         0x008394         Code  Gb  long.o [4]
?udiv32_l0_l0_l1        0x008327         Code  Gb  long.o [4]
?umod32_l1_l0_l1        0x008327         Code  Gb  long.o [4]
?w0                     0x000000         Data  Gb  vregs.o [4]
?w1                     0x000002         Data  Gb  vregs.o [4]
?w2                     0x000004         Data  Gb  vregs.o [4]
?w3                     0x000006         Data  Gb  vregs.o [4]
?w4                     0x000008         Data  Gb  vregs.o [4]
?w5                     0x00000a         Data  Gb  vregs.o [4]
?w6                     0x00000c         Data  Gb  vregs.o [4]
?w7                     0x00000e         Data  Gb  vregs.o [4]
ADC1_IRQHandler         0x00902b    0x1  Code  Gb  stm8s_it.o [1]
AWU_IRQHandler          0x00901c    0x1  Code  Gb  stm8s_it.o [1]
CLK_HSIPrescalerConfig  0x008c9b   0x3d  Code  Gb  stm8s_clk.o [1]
CLK_IRQHandler          0x00901d    0x1  Code  Gb  stm8s_it.o [1]
CLK_PeripheralClockConfig
                        0x0087d1   0xde  Code  Gb  stm8s_clk.o [1]
CSTACK$$Base            0x000300          --   Gb  - Linker created -
CSTACK$$Limit           0x000400          --   Gb  - Linker created -
Delay_ms                0x008efa   0x24  Code  Gb  stm8s_it.o [1]
EEPROM_EEC_IRQHandler   0x00902c    0x1  Code  Gb  stm8s_it.o [1]
EXTI_PORTA_IRQHandler   0x00901e    0x1  Code  Gb  stm8s_it.o [1]
EXTI_PORTB_IRQHandler   0x00901f    0x1  Code  Gb  stm8s_it.o [1]
EXTI_PORTC_IRQHandler   0x009020    0x1  Code  Gb  stm8s_it.o [1]
EXTI_PORTD_IRQHandler   0x009021    0x1  Code  Gb  stm8s_it.o [1]
EXTI_PORTE_IRQHandler   0x009022    0x1  Code  Gb  stm8s_it.o [1]
GPIO_Init               0x0084dc  0x114  Code  Gb  stm8s_gpio.o [1]
I2C_AcknowledgeConfig   0x008c13   0x45  Code  Gb  stm8s_i2c.o [1]
I2C_CheckEvent          0x0088af   0xd6  Code  Gb  stm8s_i2c.o [1]
I2C_Cmd                 0x008d6e   0x2f  Code  Gb  stm8s_i2c.o [1]
I2C_DeInit              0x008ed5   0x25  Code  Gb  stm8s_i2c.o [1]
I2C_GenerateSTART       0x008d9d   0x2f  Code  Gb  stm8s_i2c.o [1]
I2C_GenerateSTOP        0x008dcc   0x2f  Code  Gb  stm8s_i2c.o [1]
I2C_GetFlagStatus       0x008985   0xc3  Code  Gb  stm8s_i2c.o [1]
I2C_IRQHandler          0x00902a    0x1  Code  Gb  stm8s_it.o [1]
I2C_Init                0x008080  0x1d6  Code  Gb  stm8s_i2c.o [1]
I2C_Receive             0x0085f0   0xfc  Code  Gb  main.o [1]
I2C_ReceiveData         0x009004    0x4  Code  Gb  stm8s_i2c.o [1]
I2C_Send7bitAddress     0x008bcd   0x46  Code  Gb  stm8s_i2c.o [1]
I2C_SendData            0x009008    0x4  Code  Gb  stm8s_i2c.o [1]
I2C_Transmit            0x0083b0  0x12c  Code  Gb  main.o [1]
INTVEC$$Base            0x008000          --   Gb  - Linker created -
INTVEC$$Limit           0x008080          --   Gb  - Linker created -
Region$$Table$$Base     0x008f8a          --   Gb  - Linker created -
Region$$Table$$Limit    0x008f94          --   Gb  - Linker created -
SPI_IRQHandler          0x009023    0x1  Code  Gb  stm8s_it.o [1]
TIM1_CAP_COM_IRQHandler
                        0x009025    0x1  Code  Gb  stm8s_it.o [1]
TIM1_UPD_OVF_TRG_BRK_IRQHandler
                        0x009024    0x1  Code  Gb  stm8s_it.o [1]
TIM2_CAP_COM_IRQHandler
                        0x009027    0x1  Code  Gb  stm8s_it.o [1]
TIM2_UPD_OVF_BRK_IRQHandler
                        0x009026    0x1  Code  Gb  stm8s_it.o [1]
TIM4_ClearFlag          0x008f42   0x24  Code  Gb  stm8s_tim4.o [1]
TIM4_ClearITPendingBit  0x008f66   0x24  Code  Gb  stm8s_tim4.o [1]
TIM4_Cmd                0x008dfb   0x2f  Code  Gb  stm8s_tim4.o [1]
TIM4_GetITStatus        0x008c58   0x43  Code  Gb  stm8s_tim4.o [1]
TIM4_ITConfig           0x008b36   0x50  Code  Gb  stm8s_tim4.o [1]
TIM4_TimeBaseInit       0x008ae5   0x51  Code  Gb  stm8s_tim4.o [1]
TIM4_UPD_OVF_IRQHandler
                        0x008eae   0x27  Code  Gb  stm8s_it.o [1]
TLI_IRQHandler          0x00901b    0x1  Code  Gb  stm8s_it.o [1]
TRAP_IRQHandler         0x00901a    0x1  Code  Gb  stm8s_it.o [1]
TimingDelay             0x000018    0x4  Data  Gb  stm8s_it.o [1]
TimingDelay_Decrement   0x008f1e   0x24  Code  Gb  stm8s_it.o [1]
UART1_RX_IRQHandler     0x009029    0x1  Code  Gb  stm8s_it.o [1]
UART1_TX_IRQHandler     0x009028    0x1  Code  Gb  stm8s_it.o [1]
__DebugBreak            0x00902d    0x1  Code  Gb  __dbg_break.o [3]
__exit                  0x008fab   0x14  Code  Gb  __dbg_xxexit.o [3]
__iar_copy_init2        0x008e86         Code  Gb  init_small.o [4]
__iar_data_init2        0x008f94   0x17  Code  Gb  init.o [4]
__iar_program_start     0x008fbf         Code  Gb  cstartup.o [4]
__iar_unhandled_exception
                        0x009015         Code  Gb  unhandled_exception.o [4]
__intvec                0x008000         Data  Gb  interrupt.o [4]
__low_level_init        0x00900f    0x3  Code  Gb  low_level_init.o [4]
_exit                   0x008fff         Code  Gb  cexit.o [4]
_interrupt_1            0x00901a         Code  Gb  stm8s_it.o [1]
_interrupt_12           0x009023         Code  Gb  stm8s_it.o [1]
_interrupt_13           0x009024         Code  Gb  stm8s_it.o [1]
_interrupt_14           0x009025         Code  Gb  stm8s_it.o [1]
_interrupt_15           0x009026         Code  Gb  stm8s_it.o [1]
_interrupt_16           0x009027         Code  Gb  stm8s_it.o [1]
_interrupt_19           0x009028         Code  Gb  stm8s_it.o [1]
_interrupt_2            0x00901b         Code  Gb  stm8s_it.o [1]
_interrupt_20           0x009029         Code  Gb  stm8s_it.o [1]
_interrupt_21           0x00902a         Code  Gb  stm8s_it.o [1]
_interrupt_24           0x00902b         Code  Gb  stm8s_it.o [1]
_interrupt_25           0x008eae         Code  Gb  stm8s_it.o [1]
_interrupt_26           0x00902c         Code  Gb  stm8s_it.o [1]
_interrupt_3            0x00901c         Code  Gb  stm8s_it.o [1]
_interrupt_4            0x00901d         Code  Gb  stm8s_it.o [1]
_interrupt_5            0x00901e         Code  Gb  stm8s_it.o [1]
_interrupt_6            0x00901f         Code  Gb  stm8s_it.o [1]
_interrupt_7            0x009020         Code  Gb  stm8s_it.o [1]
_interrupt_8            0x009021         Code  Gb  stm8s_it.o [1]
_interrupt_9            0x009022         Code  Gb  stm8s_it.o [1]
assert_failed           0x009018    0x2  Code  Gb  main.o [1]
command_buffer          0x000010    0x2  Data  Gb  main.o [1]
data                    0x000012    0x6  Data  Gb  main.o [1]
exit                    0x009012    0x3  Code  Gb  exit.o [4]
main                    0x008a48   0x9d  Code  Gb  main.o [1]
millis                  0x008fd2   0x12  Code  Gb  stm8s_it.o [1]


[1] = E:\STM8S\I2C_Master\Project\Debug\Obj
[2] = command line
[3] = dbgstm8smd.a
[4] = dlstm8smn.a

  3 802 bytes of readonly  code memory
    340 bytes of readonly  data memory
    288 bytes of readwrite data memory

Errors: none
Warnings: none
