###############################################################################
#
# IAR ELF Linker V2.20.1.176 for STM8                     06/Jul/2021  15:27:46
# Copyright 2010-2015 IAR Systems AB.
#
#    Output file  =  E:\STM8S\IoTDEV_DCD_V1.0\Project\Debug\Exe\IoTDEV_DCD.out
#    Map file     =  E:\STM8S\IoTDEV_DCD_V1.0\Project\Debug\List\IoTDEV_DCD.map
#    Command line =  
#        E:\STM8S\IoTDEV_DCD_V1.0\Project\Debug\Obj\ES-SM-TH-01.o
#        E:\STM8S\IoTDEV_DCD_V1.0\Project\Debug\Obj\main.o
#        E:\STM8S\IoTDEV_DCD_V1.0\Project\Debug\Obj\sht3x.o
#        E:\STM8S\IoTDEV_DCD_V1.0\Project\Debug\Obj\stm8s_clk.o
#        E:\STM8S\IoTDEV_DCD_V1.0\Project\Debug\Obj\stm8s_gpio.o
#        E:\STM8S\IoTDEV_DCD_V1.0\Project\Debug\Obj\stm8s_i2c.o
#        E:\STM8S\IoTDEV_DCD_V1.0\Project\Debug\Obj\stm8s_it.o
#        E:\STM8S\IoTDEV_DCD_V1.0\Project\Debug\Obj\stm8s_tim2.o
#        E:\STM8S\IoTDEV_DCD_V1.0\Project\Debug\Obj\stm8s_tim4.o
#        E:\STM8S\IoTDEV_DCD_V1.0\Project\Debug\Obj\stm8s_uart1.o
#        E:\STM8S\IoTDEV_DCD_V1.0\Project\Debug\Obj\swuart.o --redirect
#        _Printf=_PrintfSmall --redirect _Scanf=_ScanfSmall -o
#        E:\STM8S\IoTDEV_DCD_V1.0\Project\Debug\Exe\IoTDEV_DCD.out --map
#        E:\STM8S\IoTDEV_DCD_V1.0\Project\Debug\List\IoTDEV_DCD.map --config
#        "C:\Program Files (x86)\IAR Systems\Embedded Workbench
#        7.3\stm8\config\lnkstm8s103f3.icf" --config_def _CSTACK_SIZE=0x100
#        --config_def _HEAP_SIZE=0x100 --entry __iar_program_start --debug_lib
#
###############################################################################

*******************************************************************************
*** RUNTIME MODEL ATTRIBUTES
***

__SystemLibrary            = DLib
__code_model               = small
__core                     = stm8
__data_model               = medium
__dlib_file_descriptor     = 0
__dlib_full_locale_support = 0
__rt_version               = 4


*******************************************************************************
*** PLACEMENT SUMMARY
***

"A1":  place at start of [0x000000-0x0000ff] { rw section .vregs };
"A2":  place at end of [0x000000-0x0003ff] { block CSTACK };
"P2":  place in [from 0x000000 to 0x0003ff] {
          block HEAP, rw section __DLIB_PERTHREAD, rw section .far.bss,
          rw section .far.data, rw section .far.noinit,
          rw section .far_func.textrw, rw section .huge.bss,
          rw section .huge.data, rw section .huge.noinit,
          rw section .huge_func.textrw, rw section .iar.dynexit,
          rw section .near.bss, rw section .near.data, rw section .near.noinit,
          rw section .near_func.textrw };
"A3":  place at start of [0x008000-0x009fff] { block INTVEC };
"P3":  place in [from 0x008000 to 0x009fff] {
          ro section __DLIB_PERTHREAD_init, ro section .far.data_init,
          ro section .far_func.textrw_init, ro section .huge.data_init,
          ro section .huge_func.textrw_init, ro section .iar.init_table,
          ro section .init_array, ro section .near.data_init,
          ro section .near.rodata, ro section .near_func.text,
          ro section .near_func.textrw_init, ro section .tiny.data_init,
          ro section .tiny.rodata_init };

  Section            Kind      Address    Size  Object
  -------            ----      -------    ----  ------
"A1":                                     0x10
  .vregs             uninit   0x000000    0x10  vregs.o [4]
                            - 0x000010    0x10

"P2":                                     0x1c
  P2-1                        0x000010    0x1c  <Init block>
    .near.data       inited   0x000010     0x1  main.o [1]
    .near.data       inited   0x000011     0x2  main.o [1]
    .near.bss        inited   0x000013     0x1  stm8s_it.o [1]
    .near.bss        inited   0x000014     0x7  stm8s_it.o [1]
    .near.bss        inited   0x00001b     0x4  stm8s_it.o [1]
    .near.bss        inited   0x00001f     0x4  stm8s_it.o [1]
    .near.bss        inited   0x000023     0x1  swuart.o [1]
    .near.bss        inited   0x000024     0x1  swuart.o [1]
    .near.bss        inited   0x000025     0x1  swuart.o [1]
    .near.bss        inited   0x000026     0x1  swuart.o [1]
    .near.bss        inited   0x000027     0x1  swuart.o [1]
    .near.bss        inited   0x000028     0x1  swuart.o [1]
    .near.bss        inited   0x000029     0x1  swuart.o [1]
    .near.bss        inited   0x00002a     0x1  swuart.o [1]
    .near.bss        inited   0x00002b     0x1  swuart.o [1]
                            - 0x00002c    0x1c

"A2":                                    0x100
  CSTACK                      0x000300   0x100  <Block>
    CSTACK           uninit   0x000300   0x100  <Block tail>
                            - 0x000400   0x100

"A3":                                     0x80
  INTVEC                      0x008000    0x80  <Block>
    .intvec          const    0x008000    0x80  interrupt.o [4]
                            - 0x008080    0x80

"P3":                                   0x11ec
  .near_func.text    ro code  0x008080   0x1a8  stm8s_uart1.o [1]
  .near_func.text    ro code  0x008228   0x15e  stm8s_i2c.o [1]
  .near_func.text    ro code  0x008386   0x15c  long.o [4]
  .near_func.text    ro code  0x0084e2    0xf9  vreg_util.o [4]
  .near_func.text    ro code  0x0085db    0xea  swuart.o [1]
  .near_func.text    ro code  0x0086c5    0xb3  stm8s_gpio.o [1]
  .near_func.text    ro code  0x008778    0x93  stm8s_uart1.o [1]
  .near_func.text    ro code  0x00880b    0x8a  stm8s_clk.o [1]
  .near_func.text    ro code  0x008895    0x81  stm8s_uart1.o [1]
  .near_func.text    ro code  0x008916    0x80  stm8s_it.o [1]
  .near_func.text    ro code  0x008996    0x64  swuart.o [1]
  .near_func.text    ro code  0x0089fa    0x63  stm8s_uart1.o [1]
  .near_func.text    ro code  0x008a5d    0x61  long_util.o [4]
  .near_func.text    ro code  0x008abe    0x60  main.o [1]
  .near_func.text    ro code  0x008b1e    0x57  stm8s_clk.o [1]
  .near_func.text    ro code  0x008b75    0x48  swuart.o [1]
  .near_func.text    ro code  0x008bbd    0x47  short.o [4]
  .near_func.text    ro code  0x008c04    0x44  sht3x.o [1]
  .near_func.text    ro code  0x008c48    0x3b  stm8s_clk.o [1]
  .near_func.text    ro code  0x008c83    0x3a  stm8s_tim4.o [1]
  .near.rodata       const    0x008cbd    0x35  stm8s_uart1.o [1]
  .near_func.text    ro code  0x008cf2    0x35  stm8s_tim2.o [1]
  .near.rodata       const    0x008d27    0x34  stm8s_gpio.o [1]
  .near.rodata       const    0x008d5b    0x34  stm8s_tim2.o [1]
  .near.rodata       const    0x008d8f    0x34  stm8s_tim4.o [1]
  .near_func.text    ro code  0x008dc3    0x34  stm8s_tim4.o [1]
  .near.rodata       const    0x008df7    0x33  stm8s_clk.o [1]
  .near.rodata       const    0x008e2a    0x33  stm8s_i2c.o [1]
  .near_func.text    ro code  0x008e5d    0x33  stm8s_i2c.o [1]
  .near_func.text    ro code  0x008e90    0x2f  stm8s_tim4.o [1]
  .near_func.text    ro code  0x008ebf    0x2d  stm8s_it.o [1]
  .near_func.text    ro code  0x008eec    0x28  init_small.o [4]
  .near_func.text    ro code  0x008f14    0x27  ES-SM-TH-01.o [1]
  .near_func.text    ro code  0x008f3b    0x25  stm8s_i2c.o [1]
  .near_func.text    ro code  0x008f60    0x25  memcpy.o [4]
  .near_func.text    ro code  0x008f85    0x25  dc_util.o [4]
  .near_func.text    ro code  0x008faa    0x23  swuart.o [1]
  .near_func.text    ro code  0x008fcd    0x22  stm8s_it.o [1]
  .iar.init_table    const    0x008fef     0xa  - Linker created -
  Initializer bytes  const    0x008ff9    0x1c  <for P2-1>
  .near_func.text    ro code  0x009015    0x19  stm8s_it.o [1]
  .near_func.text    ro code  0x00902e    0x19  stm8s_tim4.o [1]
  .near_func.text    ro code  0x009047    0x19  stm8s_tim4.o [1]
  .near_func.text    ro code  0x009060    0x17  init.o [4]
  .near_func.text    ro code  0x009077    0x16  stm8s_i2c.o [1]
  .near_func.text    ro code  0x00908d    0x16  stm8s_tim2.o [1]
  .near_func.text    ro code  0x0090a3    0x16  stm8s_tim2.o [1]
  .near_func.text    ro code  0x0090b9    0x16  stm8s_tim4.o [1]
  .near_func.text    ro code  0x0090cf    0x15  swuart.o [1]
  .near_func.text    ro code  0x0090e4    0x14  __dbg_xxexit.o [3]
  .near_func.text    ro code  0x0090f8    0x13  stm8s_it.o [1]
  .near_func.text    ro code  0x00910b    0x13  stm8s_it.o [1]
  .near_func.text    ro code  0x00911e    0x13  cstartup.o [4]
  .near_func.text    ro code  0x009131     0xf  stm8s_it.o [1]
  .near_func.text    ro code  0x009140     0xf  stm8s_it.o [1]
  .near_func.text    ro code  0x00914f     0xd  stm8s_uart1.o [1]
  .near_func.text    ro code  0x00915c     0xd  swuart.o [1]
  .near_func.text    ro code  0x009169     0xb  stm8s_clk.o [1]
  .near_func.text    ro code  0x009174     0xb  stm8s_clk.o [1]
  .near_func.text    ro code  0x00917f     0xb  stm8s_gpio.o [1]
  .near_func.text    ro code  0x00918a     0xb  stm8s_i2c.o [1]
  .near_func.text    ro code  0x009195     0xb  stm8s_tim2.o [1]
  .near_func.text    ro code  0x0091a0     0xb  stm8s_tim4.o [1]
  .near_func.text    ro code  0x0091ab     0xb  stm8s_uart1.o [1]
  .near.rodata       const    0x0091b6     0x9  swuart.o [1]
  .near_func.text    ro code  0x0091bf     0x9  stm8s_i2c.o [1]
  .near_func.text    ro code  0x0091c8     0x9  stm8s_it.o [1]
  .near_func.text    ro code  0x0091d1     0x9  stm8s_tim2.o [1]
  .near_func.text    ro code  0x0091da     0x9  stm8s_uart1.o [1]
  .near_func.text    ro code  0x0091e3     0x9  swuart.o [1]
  .near_func.text    ro code  0x0091ec     0x8  stm8s_uart1.o [1]
  .near_func.text    ro code  0x0091f4     0x8  stm8s_uart1.o [1]
  .near_func.text    ro code  0x0091fc     0x8  swuart.o [1]
  .near_func.text    ro code  0x009204     0x8  swuart.o [1]
  .near.rodata       const    0x00920c     0x7  main.o [1]
  .near_func.text    ro code  0x009213     0x7  stm8s_it.o [1]
  .near_func.text    ro code  0x00921a     0x7  stm8s_tim2.o [1]
  .near_func.text    ro code  0x009221     0x7  stm8s_uart1.o [1]
  .near_func.text    ro code  0x009228     0x7  stm8s_uart1.o [1]
  .near_func.text    ro code  0x00922f     0x7  stm8s_uart1.o [1]
  .near_func.text    ro code  0x009236     0x6  stm8s_tim2.o [1]
  .near_func.text    ro code  0x00923c     0x5  cexit.o [4]
  .near.rodata       const    0x009241     0x4  stm8s_clk.o [1]
  .near_func.text    ro code  0x009245     0x4  stm8s_gpio.o [1]
  .near_func.text    ro code  0x009249     0x4  stm8s_uart1.o [1]
  .near_func.text    ro code  0x00924d     0x3  interrupt.o [4]
  .near_func.text    ro code  0x009250     0x3  low_level_init.o [4]
  .near_func.text    ro code  0x009253     0x3  exit.o [4]
  .near_func.text    ro code  0x009256     0x3  unhandled_exception.o [4]
  .near_func.text    ro code  0x009259     0x2  main.o [1]
  .near_func.text    ro code  0x00925b     0x1  stm8s_it.o [1]
  .near_func.text    ro code  0x00925c     0x1  stm8s_it.o [1]
  .near_func.text    ro code  0x00925d     0x1  stm8s_it.o [1]
  .near_func.text    ro code  0x00925e     0x1  stm8s_it.o [1]
  .near_func.text    ro code  0x00925f     0x1  stm8s_it.o [1]
  .near_func.text    ro code  0x009260     0x1  stm8s_it.o [1]
  .near_func.text    ro code  0x009261     0x1  stm8s_it.o [1]
  .near_func.text    ro code  0x009262     0x1  stm8s_it.o [1]
  .near_func.text    ro code  0x009263     0x1  stm8s_it.o [1]
  .near_func.text    ro code  0x009264     0x1  stm8s_it.o [1]
  .near_func.text    ro code  0x009265     0x1  stm8s_it.o [1]
  .near_func.text    ro code  0x009266     0x1  stm8s_it.o [1]
  .near_func.text    ro code  0x009267     0x1  stm8s_it.o [1]
  .near_func.text    ro code  0x009268     0x1  stm8s_it.o [1]
  .near_func.text    ro code  0x009269     0x1  stm8s_it.o [1]
  .near_func.text    ro code  0x00926a     0x1  stm8s_it.o [1]
  .near_func.text    ro code  0x00926b     0x1  __dbg_break.o [3]
                            - 0x00926c  0x11ec


*******************************************************************************
*** INIT TABLE
***

          Address   Size
          -------   ----
Copy (__iar_copy_init2)
    1 source range, total size 0x1c:
          0x008ff9  0x1c
    1 destination range, total size 0x1c:
          0x000010  0x1c



*******************************************************************************
*** MODULE SUMMARY
***

    Module                 ro code  ro data  rw data
    ------                 -------  -------  -------
E:\STM8S\IoTDEV_DCD_V1.0\Project\Debug\Obj: [1]
    ES-SM-TH-01.o               39
    main.o                      98       10        3
    sht3x.o                     68
    stm8s_clk.o                306       55
    stm8s_gpio.o               194       52
    stm8s_i2c.o                480       51
    stm8s_it.o                 332       16       16
    stm8s_tim2.o               130       52
    stm8s_tim4.o               240       52
    stm8s_uart1.o              873       53
    swuart.o                   500       18        9
    ------------------------------------------------
    Total:                   3 260      359       28

command line: [2]
    ------------------------------------------------
    Total:

dbgstm8smd.a: [3]
    __dbg_break.o                1
    __dbg_xxexit.o              20
    ------------------------------------------------
    Total:                      21

dlstm8smn.a: [4]
    cexit.o                      5
    cstartup.o                  19
    dc_util.o                   37
    exit.o                       3
    init.o                      23
    init_small.o                40
    interrupt.o                  3      128
    long.o                     348
    long_util.o                 97
    low_level_init.o             3
    memcpy.o                    37
    short.o                     71
    unhandled_exception.o        3
    vreg_util.o                249
    vregs.o                                       16
    ------------------------------------------------
    Total:                     938      128       16

    Linker created                       10      256
----------------------------------------------------
    Grand Total:             4 219      497      300


*******************************************************************************
*** ENTRY LIST
***

Entry                    Address   Size  Type      Object
-----                    -------   ----  ----      ------
.iar.init_table$$Base   0x008fef          --   Gb  - Linker created -
.iar.init_table$$Limit  0x008ff9          --   Gb  - Linker created -
?b0                     0x000000         Data  Gb  vregs.o [4]
?b1                     0x000001         Data  Gb  vregs.o [4]
?b10                    0x00000a         Data  Gb  vregs.o [4]
?b11                    0x00000b         Data  Gb  vregs.o [4]
?b12                    0x00000c         Data  Gb  vregs.o [4]
?b13                    0x00000d         Data  Gb  vregs.o [4]
?b14                    0x00000e         Data  Gb  vregs.o [4]
?b15                    0x00000f         Data  Gb  vregs.o [4]
?b2                     0x000002         Data  Gb  vregs.o [4]
?b3                     0x000003         Data  Gb  vregs.o [4]
?b4                     0x000004         Data  Gb  vregs.o [4]
?b5                     0x000005         Data  Gb  vregs.o [4]
?b6                     0x000006         Data  Gb  vregs.o [4]
?b7                     0x000007         Data  Gb  vregs.o [4]
?b8                     0x000008         Data  Gb  vregs.o [4]
?b9                     0x000009         Data  Gb  vregs.o [4]
?dc32_l0                0x008f85         Code  Gb  dc_util.o [4]
?dc32_l1                0x008f92         Code  Gb  dc_util.o [4]
?dc32_px                0x008f9f         Code  Gb  dc_util.o [4]
?dec32_0x_0x            0x0083a3         Code  Gb  long.o [4]
?dec32_l0_l0            0x00839e         Code  Gb  long.o [4]
?e0                     0x000001         Data  Gb  vregs.o [4]
?e1                     0x000005         Data  Gb  vregs.o [4]
?e2                     0x000009         Data  Gb  vregs.o [4]
?e3                     0x00000d         Data  Gb  vregs.o [4]
?epilogue_l2            0x008571         Code  Gb  vreg_util.o [4]
?epilogue_l2_l3         0x00856e         Code  Gb  vreg_util.o [4]
?epilogue_w4            0x008575         Code  Gb  vreg_util.o [4]
?inc32_0x_0x            0x008390         Code  Gb  long.o [4]
?inc32_l0_l0            0x008386         Code  Gb  long.o [4]
?inc32_l1_l1            0x00838b         Code  Gb  long.o [4]
?l0                     0x000000         Data  Gb  vregs.o [4]
?l1                     0x000004         Data  Gb  vregs.o [4]
?l2                     0x000008         Data  Gb  vregs.o [4]
?l3                     0x00000c         Data  Gb  vregs.o [4]
?load32_0x_l0           0x008aa2         Code  Gb  long_util.o [4]
?load32_0x_l1           0x008ab0         Code  Gb  long_util.o [4]
?load32_asp_l0          0x008a96         Code  Gb  long_util.o [4]
?load32_dbsp_l0         0x008a91         Code  Gb  long_util.o [4]
?load32_l0_0x           0x008a6d         Code  Gb  long_util.o [4]
?load32_l0_asp          0x008a62         Code  Gb  long_util.o [4]
?load32_l0_dbsp         0x008a5d         Code  Gb  long_util.o [4]
?load32_l0_xsp          0x008a64         Code  Gb  long_util.o [4]
?load32_l1_0x           0x008a79         Code  Gb  long_util.o [4]
?load32_l2_0x           0x008a85         Code  Gb  long_util.o [4]
?load32_xsp_l0          0x008a98         Code  Gb  long_util.o [4]
?mov_e0_e2              0x008583         Code  Gb  vreg_util.o [4]
?mov_e0_e3              0x008590         Code  Gb  vreg_util.o [4]
?mov_e1_e0              0x00859d         Code  Gb  vreg_util.o [4]
?mov_e1_e2              0x0085aa         Code  Gb  vreg_util.o [4]
?mov_e1_e3              0x0085b7         Code  Gb  vreg_util.o [4]
?mov_e2_e0              0x0085c4         Code  Gb  vreg_util.o [4]
?mov_e3_e0              0x0085d1         Code  Gb  vreg_util.o [4]
?mov_l0_l2              0x008580         Code  Gb  vreg_util.o [4]
?mov_l0_l3              0x00858d         Code  Gb  vreg_util.o [4]
?mov_l1_l0              0x00859a         Code  Gb  vreg_util.o [4]
?mov_l1_l2              0x0085a7         Code  Gb  vreg_util.o [4]
?mov_l1_l3              0x0085b4         Code  Gb  vreg_util.o [4]
?mov_l2_l0              0x0085c1         Code  Gb  vreg_util.o [4]
?mov_l3_l0              0x0085ce         Code  Gb  vreg_util.o [4]
?mov_w1_w5              0x008586         Code  Gb  vreg_util.o [4]
?mov_w1_w7              0x008593         Code  Gb  vreg_util.o [4]
?mov_w2_w1              0x008579         Code  Gb  vreg_util.o [4]
?mov_w3_w1              0x0085a0         Code  Gb  vreg_util.o [4]
?mov_w3_w5              0x0085ad         Code  Gb  vreg_util.o [4]
?mov_w3_w7              0x0085ba         Code  Gb  vreg_util.o [4]
?mov_w5_w1              0x0085c7         Code  Gb  vreg_util.o [4]
?mov_w7_w1              0x0085d4         Code  Gb  vreg_util.o [4]
?mul16_x_x_w0           0x008bbd         Code  Gb  short.o [4]
?mul32_l0_l0_0x         0x0083d5         Code  Gb  long.o [4]
?mul32_l0_l0_dl         0x0083d2         Code  Gb  long.o [4]
?mul32_l0_l0_l1         0x0083de         Code  Gb  long.o [4]
?pop_l0                 0x00853a         Code  Gb  vreg_util.o [4]
?pop_l1                 0x008545         Code  Gb  vreg_util.o [4]
?pop_l2                 0x008550         Code  Gb  vreg_util.o [4]
?pop_l3                 0x00855b         Code  Gb  vreg_util.o [4]
?pop_w4                 0x0084fa         Code  Gb  vreg_util.o [4]
?push_l0                0x008509         Code  Gb  vreg_util.o [4]
?push_l1                0x00850e         Code  Gb  vreg_util.o [4]
?push_l2                0x008513         Code  Gb  vreg_util.o [4]
?push_l3                0x008518         Code  Gb  vreg_util.o [4]
?push_w4                0x0084e2         Code  Gb  vreg_util.o [4]
?sdiv16_x_x_y           0x008bdb         Code  Gb  short.o [4]
?sll16_x_x_a            0x008bf4         Code  Gb  short.o [4]
?sll32_0x_0x_a          0x0084d4         Code  Gb  long.o [4]
?sll32_l0_l0_a          0x0084d1         Code  Gb  long.o [4]
?srl16_x_x_4            0x008bff         Code  Gb  short.o [4]
?srl16_x_x_5            0x008bfe         Code  Gb  short.o [4]
?srl16_x_x_6            0x008bfd         Code  Gb  short.o [4]
?srl16_x_x_7            0x008bfc         Code  Gb  short.o [4]
?sub32_l0_l0_0x         0x0083ba         Code  Gb  long.o [4]
?sub32_l0_l0_l1         0x0083b7         Code  Gb  long.o [4]
?udiv32_l0_dl_l1        0x00845c         Code  Gb  long.o [4]
?udiv32_l0_l0_dl        0x008461         Code  Gb  long.o [4]
?udiv32_l0_l0_l1        0x008464         Code  Gb  long.o [4]
?umod32_l1_l0_l1        0x008464         Code  Gb  long.o [4]
?w0                     0x000000         Data  Gb  vregs.o [4]
?w1                     0x000002         Data  Gb  vregs.o [4]
?w2                     0x000004         Data  Gb  vregs.o [4]
?w3                     0x000006         Data  Gb  vregs.o [4]
?w4                     0x000008         Data  Gb  vregs.o [4]
?w5                     0x00000a         Data  Gb  vregs.o [4]
?w6                     0x00000c         Data  Gb  vregs.o [4]
?w7                     0x00000e         Data  Gb  vregs.o [4]
ADC1_IRQHandler         0x009269    0x1  Code  Gb  stm8s_it.o [1]
AWU_IRQHandler          0x00925d    0x1  Code  Gb  stm8s_it.o [1]
CLK_GetClockFreq        0x008c48   0x3b  Code  Gb  stm8s_clk.o [1]
CLK_IRQHandler          0x00925e    0x1  Code  Gb  stm8s_it.o [1]
CLK_PeripheralClockConfig
                        0x00880b   0x8a  Code  Gb  stm8s_clk.o [1]
CLK_SYSCLKConfig        0x008b1e   0x57  Code  Gb  stm8s_clk.o [1]
CSTACK$$Base            0x000300          --   Gb  - Linker created -
CSTACK$$Limit           0x000400          --   Gb  - Linker created -
Delay_Init              0x008fcd   0x22  Code  Gb  stm8s_it.o [1]
Delay_ms                0x009015   0x19  Code  Gb  stm8s_it.o [1]
EEPROM_EEC_IRQHandler   0x00926a    0x1  Code  Gb  stm8s_it.o [1]
ES_SM_Init              0x008f14   0x27  Code  Gb  ES-SM-TH-01.o [1]
EXTI_PORTA_IRQHandler   0x00925f    0x1  Code  Gb  stm8s_it.o [1]
EXTI_PORTB_IRQHandler   0x009260    0x1  Code  Gb  stm8s_it.o [1]
EXTI_PORTC_IRQHandler   0x009261    0x1  Code  Gb  stm8s_it.o [1]
EXTI_PORTD_IRQHandler   0x009262    0x1  Code  Gb  stm8s_it.o [1]
EXTI_PORTE_IRQHandler   0x009263    0x1  Code  Gb  stm8s_it.o [1]
GPIO_Init               0x0086c5   0xb3  Code  Gb  stm8s_gpio.o [1]
GPIO_WriteLow           0x009245    0x4  Code  Gb  stm8s_gpio.o [1]
HEADER                  0x000010    0x1  Data  Gb  main.o [1]
HSIDivFactor            0x009241    0x4  Data  Gb  stm8s_clk.o [1]
I2C_AcknowledgeConfig   0x008e5d   0x33  Code  Gb  stm8s_i2c.o [1]
I2C_Cmd                 0x009077   0x16  Code  Gb  stm8s_i2c.o [1]
I2C_DeInit              0x008f3b   0x25  Code  Gb  stm8s_i2c.o [1]
I2C_IRQHandler          0x009268    0x1  Code  Gb  stm8s_it.o [1]
I2C_Init                0x008228  0x15e  Code  Gb  stm8s_i2c.o [1]
ID                      0x000011    0x2  Data  Gb  main.o [1]
INTVEC$$Base            0x008000          --   Gb  - Linker created -
INTVEC$$Limit           0x008080          --   Gb  - Linker created -
MSK_TAB                 0x0091b6    0x9  Data  Gb  swuart.o [1]
Region$$Table$$Base     0x008fef          --   Gb  - Linker created -
Region$$Table$$Limit    0x008ff9          --   Gb  - Linker created -
Rx_bit                  0x000025    0x1  Data  Gb  swuart.o [1]
Rx_buff                 0x000028    0x1  Data  Gb  swuart.o [1]
Rx_data                 0x000029    0x1  Data  Gb  swuart.o [1]
Rx_phase                0x000023    0x1  Data  Gb  swuart.o [1]
Rx_samp                 0x000027    0x1  Data  Gb  swuart.o [1]
SHT30_Init              0x008c04   0x44  Code  Gb  sht3x.o [1]
SPI_IRQHandler          0x009264    0x1  Code  Gb  stm8s_it.o [1]
TIM1_CAP_COM_IRQHandler
                        0x009266    0x1  Code  Gb  stm8s_it.o [1]
TIM1_UPD_OVF_TRG_BRK_IRQHandler
                        0x009265    0x1  Code  Gb  stm8s_it.o [1]
TIM2_CAP_COM_IRQHandler
                        0x00910b   0x13  Code  Gb  stm8s_it.o [1]
TIM2_Cmd                0x00908d   0x16  Code  Gb  stm8s_tim2.o [1]
TIM2_ITConfig           0x008cf2   0x35  Code  Gb  stm8s_tim2.o [1]
TIM2_TimeBaseInit       0x00921a    0x7  Code  Gb  stm8s_tim2.o [1]
TIM2_UPD_OVF_BRK_IRQHandler
                        0x0090f8   0x13  Code  Gb  stm8s_it.o [1]
TIM2_UpdateRequestConfig
                        0x0090a3   0x16  Code  Gb  stm8s_tim2.o [1]
TIM4_ClearFlag          0x00902e   0x19  Code  Gb  stm8s_tim4.o [1]
TIM4_ClearITPendingBit  0x009047   0x19  Code  Gb  stm8s_tim4.o [1]
TIM4_Cmd                0x0090b9   0x16  Code  Gb  stm8s_tim4.o [1]
TIM4_GetITStatus        0x008e90   0x2f  Code  Gb  stm8s_tim4.o [1]
TIM4_ITConfig           0x008dc3   0x34  Code  Gb  stm8s_tim4.o [1]
TIM4_TimeBaseInit       0x008c83   0x3a  Code  Gb  stm8s_tim4.o [1]
TIM4_UPD_OVF_IRQHandler
                        0x008ebf   0x2d  Code  Gb  stm8s_it.o [1]
TLI_IRQHandler          0x00925c    0x1  Code  Gb  stm8s_it.o [1]
TRAP_IRQHandler         0x00925b    0x1  Code  Gb  stm8s_it.o [1]
TimingDelay             0x00001b    0x4  Data  Gb  stm8s_it.o [1]
Tx_bit                  0x000026    0x1  Data  Gb  swuart.o [1]
Tx_data                 0x00002a    0x1  Data  Gb  swuart.o [1]
Tx_phase                0x000024    0x1  Data  Gb  swuart.o [1]
UART1_Cmd               0x00914f    0xd  Code  Gb  stm8s_uart1.o [1]
UART1_GetFlagStatus     0x0089fa   0x63  Code  Gb  stm8s_uart1.o [1]
UART1_GetITStatus       0x008895   0x81  Code  Gb  stm8s_uart1.o [1]
UART1_ITConfig          0x008778   0x93  Code  Gb  stm8s_uart1.o [1]
UART1_Init              0x008080  0x1a8  Code  Gb  stm8s_uart1.o [1]
UART1_RX_IRQHandler     0x008916   0x80  Code  Gb  stm8s_it.o [1]
UART1_ReceiveData8      0x009249    0x4  Code  Gb  stm8s_uart1.o [1]
UART1_TX_IRQHandler     0x009267    0x1  Code  Gb  stm8s_it.o [1]
UART_SW_Transmit        0x008faa   0x23  Code  Gb  swuart.o [1]
UART_sts                0x00002b    0x1  Data  Gb  swuart.o [1]
__DebugBreak            0x00926b    0x1  Code  Gb  __dbg_break.o [3]
__exit                  0x0090e4   0x14  Code  Gb  __dbg_xxexit.o [3]
__iar_copy_init2        0x008eec         Code  Gb  init_small.o [4]
__iar_data_init2        0x009060   0x17  Code  Gb  init.o [4]
__iar_program_start     0x00911e         Code  Gb  cstartup.o [4]
__iar_unhandled_exception
                        0x009256         Code  Gb  unhandled_exception.o [4]
__intvec                0x008000         Data  Gb  interrupt.o [4]
__low_level_init        0x009250    0x3  Code  Gb  low_level_init.o [4]
_exit                   0x00923c         Code  Gb  cexit.o [4]
_interrupt_1            0x00925b         Code  Gb  stm8s_it.o [1]
_interrupt_12           0x009264         Code  Gb  stm8s_it.o [1]
_interrupt_13           0x009265         Code  Gb  stm8s_it.o [1]
_interrupt_14           0x009266         Code  Gb  stm8s_it.o [1]
_interrupt_15           0x0090f8         Code  Gb  stm8s_it.o [1]
_interrupt_16           0x00910b         Code  Gb  stm8s_it.o [1]
_interrupt_19           0x009267         Code  Gb  stm8s_it.o [1]
_interrupt_2            0x00925c         Code  Gb  stm8s_it.o [1]
_interrupt_20           0x008916         Code  Gb  stm8s_it.o [1]
_interrupt_21           0x009268         Code  Gb  stm8s_it.o [1]
_interrupt_24           0x009269         Code  Gb  stm8s_it.o [1]
_interrupt_25           0x008ebf         Code  Gb  stm8s_it.o [1]
_interrupt_26           0x00926a         Code  Gb  stm8s_it.o [1]
_interrupt_3            0x00925d         Code  Gb  stm8s_it.o [1]
_interrupt_4            0x00925e         Code  Gb  stm8s_it.o [1]
_interrupt_5            0x00925f         Code  Gb  stm8s_it.o [1]
_interrupt_6            0x009260         Code  Gb  stm8s_it.o [1]
_interrupt_7            0x009261         Code  Gb  stm8s_it.o [1]
_interrupt_8            0x009262         Code  Gb  stm8s_it.o [1]
_interrupt_9            0x009263         Code  Gb  stm8s_it.o [1]
assert_failed           0x009259    0x2  Code  Gb  main.o [1]
cout                    0x000013    0x1  Data  Gb  stm8s_it.o [1]
data_rx                 0x000014    0x7  Data  Gb  stm8s_it.o [1]
exit                    0x009253    0x3  Code  Gb  exit.o [4]
main                    0x008abe   0x60  Code  Gb  main.o [1]
memcpy                  0x008f60   0x25  Code  Gb  memcpy.o [4]
uart_Rx_timing          0x0085db   0xea  Code  Gb  swuart.o [1]
uart_Tx_timing          0x008996   0x64  Code  Gb  swuart.o [1]
uart_init               0x008b75   0x48  Code  Gb  swuart.o [1]


[1] = E:\STM8S\IoTDEV_DCD_V1.0\Project\Debug\Obj
[2] = command line
[3] = dbgstm8smd.a
[4] = dlstm8smn.a

  4 219 bytes of readonly  code memory
    497 bytes of readonly  data memory
    300 bytes of readwrite data memory

Errors: none
Warnings: none
